<?xml version="1.0" encoding="UTF-8"?>
<TestRun id="28be0268-ef0f-4d6a-8f9c-b395bbcbefc2" name="jtreworgy@DRLAP11001 2011-08-18 18:19:59" runUser="DRINTL\jtreworgy" xmlns="http://microsoft.com/schemas/VisualStudio/TeamTest/2010">
  <TestSettings name="Local" id="535d67f2-abde-47ed-8632-e8236b4a7c05">
    <Description>These are default test settings for a local test run.</Description>
    <Deployment enabled="false" runDeploymentRoot="jtreworgy_DRLAP11001 2011-08-18 18_19_59">
      <DeploymentItem filename="D:\VSProjects\SharpLinter\source\SharpLinter\bin\Release\JTC.SharpLinter.dll" />
    </Deployment>
    <Execution>
      <TestTypeSpecific />
      <AgentRule name="Execution Agents">
      </AgentRule>
    </Execution>
  </TestSettings>
  <Times creation="2011-08-18T18:19:59.9682803-04:00" queuing="2011-08-18T18:20:00.1653000-04:00" start="2011-08-18T18:20:00.1963031-04:00" finish="2011-08-18T18:20:00.5563391-04:00" />
  <ResultSummary outcome="Failed">
    <Counters total="7" executed="7" passed="4" error="0" failed="3" timeout="0" aborted="0" inconclusive="0" passedButRunAborted="0" notRunnable="0" notExecuted="0" disconnected="0" warning="0" completed="0" inProgress="0" pending="0" />
  </ResultSummary>
  <TestDefinitions>
    <UnitTest name="TestArgumentParsing2" storage="d:\vsprojects\sharplinter\source\sharplinter.test\bin\release\jtc.sharplinter.test.dll" id="2f8c5f57-2a99-e899-cc72-76f3da566696">
      <Execution id="2a525916-ac1d-41c2-a8d6-77340d3e0843" />
      <TestMethod codeBase="D:/VSProjects/SharpLinter/source/SharpLinter.Test/bin/Release/JTC.SharpLinter.Test.DLL" adapterTypeName="Microsoft.VisualStudio.TestTools.TestTypes.Unit.UnitTestAdapter, Microsoft.VisualStudio.QualityTools.Tips.UnitTest.Adapter, Version=10.0.0.0, Culture=neutral, PublicKeyToken=b03f5f7f11d50a3a" className="JTC.SharpLinter.Test.LinterUnitTests, JTC.SharpLinter.Test, Version=1.0.0.0, Culture=neutral, PublicKeyToken=null" name="TestArgumentParsing2" />
    </UnitTest>
    <UnitTest name="ConfigFile" storage="d:\vsprojects\sharplinter\source\sharplinter.test\bin\release\jtc.sharplinter.test.dll" id="311b004a-0c35-0a1a-a65a-be5fcea666e1">
      <Execution id="1701a7f2-d6dc-4a3d-8b2a-059ba0ee21d7" />
      <TestMethod codeBase="D:/VSProjects/SharpLinter/source/SharpLinter.Test/bin/Release/JTC.SharpLinter.Test.DLL" adapterTypeName="Microsoft.VisualStudio.TestTools.TestTypes.Unit.UnitTestAdapter, Microsoft.VisualStudio.QualityTools.Tips.UnitTest.Adapter, Version=10.0.0.0, Culture=neutral, PublicKeyToken=b03f5f7f11d50a3a" className="JTC.SharpLinter.Test.ConfigurationTests, JTC.SharpLinter.Test, Version=1.0.0.0, Culture=neutral, PublicKeyToken=null" name="ConfigFile" />
    </UnitTest>
    <UnitTest name="TestMultipleDifferentOptions" storage="d:\vsprojects\sharplinter\source\sharplinter.test\bin\release\jtc.sharplinter.test.dll" id="bf973ccf-c97a-ddff-03cd-cc92ccc7f41c">
      <Execution id="5b9e8a51-47a5-45cd-85c8-9bef573fb4da" />
      <TestMethod codeBase="D:/VSProjects/SharpLinter/source/SharpLinter.Test/bin/Release/JTC.SharpLinter.Test.DLL" adapterTypeName="Microsoft.VisualStudio.TestTools.TestTypes.Unit.UnitTestAdapter, Microsoft.VisualStudio.QualityTools.Tips.UnitTest.Adapter, Version=10.0.0.0, Culture=neutral, PublicKeyToken=b03f5f7f11d50a3a" className="JTC.SharpLinter.Test.LinterUnitTests, JTC.SharpLinter.Test, Version=1.0.0.0, Culture=neutral, PublicKeyToken=null" name="TestMultipleDifferentOptions" />
    </UnitTest>
    <UnitTest name="Config" storage="d:\vsprojects\sharplinter\source\sharplinter.test\bin\release\jtc.sharplinter.test.dll" id="60e71ec1-68c3-50e8-f004-f6769f3b8b15">
      <Execution id="57404b59-7a73-485b-9180-afd53dc8fef9" />
      <TestMethod codeBase="D:/VSProjects/SharpLinter/source/SharpLinter.Test/bin/Release/JTC.SharpLinter.Test.DLL" adapterTypeName="Microsoft.VisualStudio.TestTools.TestTypes.Unit.UnitTestAdapter, Microsoft.VisualStudio.QualityTools.Tips.UnitTest.Adapter, Version=10.0.0.0, Culture=neutral, PublicKeyToken=b03f5f7f11d50a3a" className="JTC.SharpLinter.Test.ConfigurationTests, JTC.SharpLinter.Test, Version=1.0.0.0, Culture=neutral, PublicKeyToken=null" name="Config" />
    </UnitTest>
    <UnitTest name="TestArgumentParsing" storage="d:\vsprojects\sharplinter\source\sharplinter.test\bin\release\jtc.sharplinter.test.dll" id="7048c88f-e27e-8226-2067-43ff78bfd264">
      <Execution id="2b59e3d5-cf5a-43a0-80ac-8d9c36b792a8" />
      <TestMethod codeBase="D:/VSProjects/SharpLinter/source/SharpLinter.Test/bin/Release/JTC.SharpLinter.Test.DLL" adapterTypeName="Microsoft.VisualStudio.TestTools.TestTypes.Unit.UnitTestAdapter, Microsoft.VisualStudio.QualityTools.Tips.UnitTest.Adapter, Version=10.0.0.0, Culture=neutral, PublicKeyToken=b03f5f7f11d50a3a" className="JTC.SharpLinter.Test.LinterUnitTests, JTC.SharpLinter.Test, Version=1.0.0.0, Culture=neutral, PublicKeyToken=null" name="TestArgumentParsing" />
    </UnitTest>
    <UnitTest name="TestMultipleCalls" storage="d:\vsprojects\sharplinter\source\sharplinter.test\bin\release\jtc.sharplinter.test.dll" id="35feaefd-e6d6-c52e-73ac-426128d82824">
      <Execution id="6e1e8732-e04d-4b76-9cf2-bbe881e6f094" />
      <TestMethod codeBase="D:/VSProjects/SharpLinter/source/SharpLinter.Test/bin/Release/JTC.SharpLinter.Test.DLL" adapterTypeName="Microsoft.VisualStudio.TestTools.TestTypes.Unit.UnitTestAdapter, Microsoft.VisualStudio.QualityTools.Tips.UnitTest.Adapter, Version=10.0.0.0, Culture=neutral, PublicKeyToken=b03f5f7f11d50a3a" className="JTC.SharpLinter.Test.LinterUnitTests, JTC.SharpLinter.Test, Version=1.0.0.0, Culture=neutral, PublicKeyToken=null" name="TestMultipleCalls" />
    </UnitTest>
    <UnitTest name="FilePathMatcherTest" storage="d:\vsprojects\sharplinter\source\sharplinter.test\bin\release\jtc.sharplinter.test.dll" id="0270dd9c-9d05-8f49-051a-4fceb32e6057">
      <Execution id="12631ba3-5004-4272-92a0-f6e1dfc1c5d3" />
      <TestMethod codeBase="D:/VSProjects/SharpLinter/source/SharpLinter.Test/bin/Release/JTC.SharpLinter.Test.DLL" adapterTypeName="Microsoft.VisualStudio.TestTools.TestTypes.Unit.UnitTestAdapter, Microsoft.VisualStudio.QualityTools.Tips.UnitTest.Adapter, Version=10.0.0.0, Culture=neutral, PublicKeyToken=b03f5f7f11d50a3a" className="JTC.SharpLinter.Test.UtilityUnitTests, JTC.SharpLinter.Test, Version=1.0.0.0, Culture=neutral, PublicKeyToken=null" name="FilePathMatcherTest" />
    </UnitTest>
  </TestDefinitions>
  <TestLists>
    <TestList name="Results Not in a List" id="8c84fa94-04c1-424b-9868-57a2d4851a1d" />
    <TestList name="All Loaded Results" id="19431567-8539-422a-85d7-44ee4e166bda" />
  </TestLists>
  <TestEntries>
    <TestEntry testId="35feaefd-e6d6-c52e-73ac-426128d82824" executionId="6e1e8732-e04d-4b76-9cf2-bbe881e6f094" testListId="8c84fa94-04c1-424b-9868-57a2d4851a1d" />
    <TestEntry testId="311b004a-0c35-0a1a-a65a-be5fcea666e1" executionId="1701a7f2-d6dc-4a3d-8b2a-059ba0ee21d7" testListId="8c84fa94-04c1-424b-9868-57a2d4851a1d" />
    <TestEntry testId="0270dd9c-9d05-8f49-051a-4fceb32e6057" executionId="12631ba3-5004-4272-92a0-f6e1dfc1c5d3" testListId="8c84fa94-04c1-424b-9868-57a2d4851a1d" />
    <TestEntry testId="60e71ec1-68c3-50e8-f004-f6769f3b8b15" executionId="57404b59-7a73-485b-9180-afd53dc8fef9" testListId="8c84fa94-04c1-424b-9868-57a2d4851a1d" />
    <TestEntry testId="2f8c5f57-2a99-e899-cc72-76f3da566696" executionId="2a525916-ac1d-41c2-a8d6-77340d3e0843" testListId="8c84fa94-04c1-424b-9868-57a2d4851a1d" />
    <TestEntry testId="7048c88f-e27e-8226-2067-43ff78bfd264" executionId="2b59e3d5-cf5a-43a0-80ac-8d9c36b792a8" testListId="8c84fa94-04c1-424b-9868-57a2d4851a1d" />
    <TestEntry testId="bf973ccf-c97a-ddff-03cd-cc92ccc7f41c" executionId="5b9e8a51-47a5-45cd-85c8-9bef573fb4da" testListId="8c84fa94-04c1-424b-9868-57a2d4851a1d" />
  </TestEntries>
  <Results>
    <UnitTestResult executionId="6e1e8732-e04d-4b76-9cf2-bbe881e6f094" testId="35feaefd-e6d6-c52e-73ac-426128d82824" testName="TestMultipleCalls" computerName="DRLAP11001" duration="00:00:00.0934077" startTime="2011-08-18T18:20:00.2023037-04:00" endTime="2011-08-18T18:20:00.4633298-04:00" testType="13cdc9d9-ddb5-4fa4-a97d-d965ccfc6d4b" outcome="Failed" testListId="8c84fa94-04c1-424b-9868-57a2d4851a1d" relativeResultsDirectory="6e1e8732-e04d-4b76-9cf2-bbe881e6f094">
      <Output>
        <ErrorInfo>
          <Message>Test method JTC.SharpLinter.Test.LinterUnitTests.TestMultipleCalls threw exception: 
Noesis.Javascript.JavascriptException: ReferenceError: JSLINT is not defined(undefined, line 2)</Message>
          <StackTrace>    at Noesis.Javascript.JavascriptContext.Run(String iSourceCode)
   at JTC.SharpLinter.Engines.Neosis.Run(String code) in D:\VSProjects\SharpLinter\source\SharpLinter\Engines\Neosis.cs:line 19
   at JTC.SharpLinter.SharpLinter.Lint(String javascript) in D:\VSProjects\SharpLinter\source\SharpLinter\SharpLinter.cs:line 137
   at JTC.SharpLinter.Test.LinterUnitTests.TestMultipleCalls() in D:\VSProjects\SharpLinter\source\SharpLinter.Test\LinterUnitTests.cs:line 40
</StackTrace>
        </ErrorInfo>
      </Output>
    </UnitTestResult>
    <UnitTestResult executionId="1701a7f2-d6dc-4a3d-8b2a-059ba0ee21d7" testId="311b004a-0c35-0a1a-a65a-be5fcea666e1" testName="ConfigFile" computerName="DRLAP11001" duration="00:00:00.0103686" startTime="2011-08-18T18:20:00.4643299-04:00" endTime="2011-08-18T18:20:00.4773312-04:00" testType="13cdc9d9-ddb5-4fa4-a97d-d965ccfc6d4b" outcome="Failed" testListId="8c84fa94-04c1-424b-9868-57a2d4851a1d" relativeResultsDirectory="1701a7f2-d6dc-4a3d-8b2a-059ba0ee21d7">
      <Output>
        <ErrorInfo>
          <Message>Test method JTC.SharpLinter.Test.ConfigurationTests.ConfigFile threw exception: 
System.Exception: Config section 'jslint' was not closed.</Message>
          <StackTrace>    at JTC.SharpLinter.Config.ConfigFileParser.GetSection(String sectionName) in D:\VSProjects\SharpLinter\source\SharpLinter\Config\ConfigFileParser.cs:line 55
   at JTC.SharpLinter.Config.ConfigFileParser.&lt;GetKVPSection&gt;d__0.MoveNext() in D:\VSProjects\SharpLinter\source\SharpLinter\Config\ConfigFileParser.cs:line 21
   at JTC.SharpLinter.Config.JsLintConfiguration.ParseConfigFile(String configFileData, LinterType linterType) in D:\VSProjects\SharpLinter\source\SharpLinter\Config\JsLintConfiguration.cs:line 628
   at JTC.SharpLinter.Config.JsLintConfiguration.MergeOptions(String configFile) in D:\VSProjects\SharpLinter\source\SharpLinter\Config\JsLintConfiguration.cs:line 524
   at JTC.SharpLinter.Test.ConfigurationTests.ConfigFile() in D:\VSProjects\SharpLinter\source\SharpLinter.Test\ConfigurationTests.cs:line 55
</StackTrace>
        </ErrorInfo>
      </Output>
    </UnitTestResult>
    <UnitTestResult executionId="12631ba3-5004-4272-92a0-f6e1dfc1c5d3" testId="0270dd9c-9d05-8f49-051a-4fceb32e6057" testName="FilePathMatcherTest" computerName="DRLAP11001" duration="00:00:00.0193776" startTime="2011-08-18T18:20:00.4773312-04:00" endTime="2011-08-18T18:20:00.4993334-04:00" testType="13cdc9d9-ddb5-4fa4-a97d-d965ccfc6d4b" outcome="Passed" testListId="8c84fa94-04c1-424b-9868-57a2d4851a1d" relativeResultsDirectory="12631ba3-5004-4272-92a0-f6e1dfc1c5d3">
    </UnitTestResult>
    <UnitTestResult executionId="57404b59-7a73-485b-9180-afd53dc8fef9" testId="60e71ec1-68c3-50e8-f004-f6769f3b8b15" testName="Config" computerName="DRLAP11001" duration="00:00:00.0109171" startTime="2011-08-18T18:20:00.5003335-04:00" endTime="2011-08-18T18:20:00.5143349-04:00" testType="13cdc9d9-ddb5-4fa4-a97d-d965ccfc6d4b" outcome="Passed" testListId="8c84fa94-04c1-424b-9868-57a2d4851a1d" relativeResultsDirectory="57404b59-7a73-485b-9180-afd53dc8fef9">
    </UnitTestResult>
    <UnitTestResult executionId="2a525916-ac1d-41c2-a8d6-77340d3e0843" testId="2f8c5f57-2a99-e899-cc72-76f3da566696" testName="TestArgumentParsing2" computerName="DRLAP11001" duration="00:00:00.0028629" startTime="2011-08-18T18:20:00.5153350-04:00" endTime="2011-08-18T18:20:00.5193354-04:00" testType="13cdc9d9-ddb5-4fa4-a97d-d965ccfc6d4b" outcome="Passed" testListId="8c84fa94-04c1-424b-9868-57a2d4851a1d" relativeResultsDirectory="2a525916-ac1d-41c2-a8d6-77340d3e0843">
    </UnitTestResult>
    <UnitTestResult executionId="2b59e3d5-cf5a-43a0-80ac-8d9c36b792a8" testId="7048c88f-e27e-8226-2067-43ff78bfd264" testName="TestArgumentParsing" computerName="DRLAP11001" duration="00:00:00.0017162" startTime="2011-08-18T18:20:00.5203355-04:00" endTime="2011-08-18T18:20:00.5253360-04:00" testType="13cdc9d9-ddb5-4fa4-a97d-d965ccfc6d4b" outcome="Passed" testListId="8c84fa94-04c1-424b-9868-57a2d4851a1d" relativeResultsDirectory="2b59e3d5-cf5a-43a0-80ac-8d9c36b792a8">
    </UnitTestResult>
    <UnitTestResult executionId="5b9e8a51-47a5-45cd-85c8-9bef573fb4da" testId="bf973ccf-c97a-ddff-03cd-cc92ccc7f41c" testName="TestMultipleDifferentOptions" computerName="DRLAP11001" duration="00:00:00.0048274" startTime="2011-08-18T18:20:00.5253360-04:00" endTime="2011-08-18T18:20:00.5323367-04:00" testType="13cdc9d9-ddb5-4fa4-a97d-d965ccfc6d4b" outcome="Failed" testListId="8c84fa94-04c1-424b-9868-57a2d4851a1d" relativeResultsDirectory="5b9e8a51-47a5-45cd-85c8-9bef573fb4da">
      <Output>
        <ErrorInfo>
          <Message>Test method JTC.SharpLinter.Test.LinterUnitTests.TestMultipleDifferentOptions threw exception: 
Noesis.Javascript.JavascriptException: ReferenceError: JSLINT is not defined(undefined, line 2)</Message>
          <StackTrace>    at Noesis.Javascript.JavascriptContext.Run(String iSourceCode)
   at JTC.SharpLinter.Engines.Neosis.Run(String code) in D:\VSProjects\SharpLinter\source\SharpLinter\Engines\Neosis.cs:line 19
   at JTC.SharpLinter.SharpLinter.Lint(String javascript) in D:\VSProjects\SharpLinter\source\SharpLinter\SharpLinter.cs:line 137
   at JTC.SharpLinter.Test.LinterUnitTests.TestMultipleDifferentOptions() in D:\VSProjects\SharpLinter\source\SharpLinter.Test\LinterUnitTests.cs:line 66
</StackTrace>
        </ErrorInfo>
      </Output>
    </UnitTestResult>
  </Results>
</TestRun>